// Jest Snapshot v1, https://goo.gl/fbAQLP

exports[`component outgoing ports (function props) on mount renders successfully 1`] = `<div />`;

exports[`component with no ports on mount renders successfully 1`] = `<div />`;
